// Jest Snapshot v1, https://goo.gl/fbAQLP

exports[`Pruebas en <GifGridItem/> Deber√≠a mostrar el componente correctamente 1`] = `
<div
  className="card1 animate__animated animate__bounce"
>
  <img
    alt="Avatar"
    src="abc.com"
  />
  <p>
     
    Avatar
     
  </p>
</div>
`;
